-------------------------------------------------------------------------------
__affirm_variable_name_is_valid
ERROR: __affirm_variable_name_is_valid: Expected one or two arguments, but 0 were provided.
[status = 22]
-------------------------------------------------------------------------------
__affirm_variable_name_is_valid ''
ERROR: __eval: Invalid variable name: 
[status = 22]
-------------------------------------------------------------------------------
__affirm_variable_name_is_valid a_0Z
[status = 0]
-------------------------------------------------------------------------------
__affirm_variable_name_is_valid a_0Z discarded
[status = 0]
-------------------------------------------------------------------------------
__affirm_variable_name_is_valid a_0Z\!
ERROR: __eval: Invalid variable name: a_0Z!
[status = 22]
-------------------------------------------------------------------------------
__affirm_variable_name_is_valid a_0Z\! discarded
ERROR: __eval: Invalid variable name: a_0Z!
[status = 22]