-------------------------------------------------------------------------------
__affirm_value_is_valid_write_mode
ERROR: __affirm_value_is_valid_write_mode: Expected a single argument, but 0 were provided.
[status = 22]
-------------------------------------------------------------------------------
__affirm_value_is_valid_write_mode ''
[status = 0]
-------------------------------------------------------------------------------
__affirm_value_is_valid_write_mode '' discarded
ERROR: __affirm_value_is_valid_write_mode: Expected a single argument, but 2 were provided.
[status = 22]
-------------------------------------------------------------------------------
__affirm_value_is_valid_write_mode prepend
[status = 0]
-------------------------------------------------------------------------------
__affirm_value_is_valid_write_mode prepend discarded
ERROR: __affirm_value_is_valid_write_mode: Expected a single argument, but 2 were provided.
[status = 22]
-------------------------------------------------------------------------------
__affirm_value_is_valid_write_mode append
[status = 0]
-------------------------------------------------------------------------------
__affirm_value_is_valid_write_mode append discarded
ERROR: __affirm_value_is_valid_write_mode: Expected a single argument, but 2 were provided.
[status = 22]
-------------------------------------------------------------------------------
__affirm_value_is_valid_write_mode overwrite
[status = 0]
-------------------------------------------------------------------------------
__affirm_value_is_valid_write_mode overwrite discarded
ERROR: __affirm_value_is_valid_write_mode: Expected a single argument, but 2 were provided.
[status = 22]
-------------------------------------------------------------------------------
__affirm_value_is_valid_write_mode other
ERROR: __eval: An invalid mode was provided: other
[status = 22]
-------------------------------------------------------------------------------
__affirm_value_is_valid_write_mode other discarded
ERROR: __affirm_value_is_valid_write_mode: Expected a single argument, but 2 were provided.
[status = 22]