-------------------------------------------------------------------------------
__affirm_value_is_defined
ERROR: __affirm_value_is_defined: Expected one or two arguments, but 0 were provided.
[status = 22]
-------------------------------------------------------------------------------
__affirm_value_is_defined ''
ERROR: __eval: A value must be provided.
[status = 22]
-------------------------------------------------------------------------------
__affirm_value_is_defined '' custom-name-of-value
ERROR: __eval: A custom-name-of-value must be provided.
[status = 22]
-------------------------------------------------------------------------------
__affirm_value_is_defined \ 
[status = 0]
-------------------------------------------------------------------------------
__affirm_value_is_defined \  custom-name-of-value
[status = 0]