string = [ empty ]
array[@] = [ empty ]
undefined = $PLACEHOLDER__DECLARED_BUT_UNDEFINED
-------------------------------------------------------------------------------
__affirm_variable_is_array
ERROR: __affirm_variable_is_array: Expected one or two arguments, but 0 were provided.
[status = 22]
-------------------------------------------------------------------------------
__affirm_variable_is_array ''
ERROR: __eval: A variable name must be provided.
[status = 22]
-------------------------------------------------------------------------------
__affirm_variable_is_array string
ERROR: __eval: The variable name string must be an array.
[status = 22]
-------------------------------------------------------------------------------
__affirm_variable_is_array string custom-variable-name
ERROR: __eval: The custom-variable-name string must be an array.
[status = 22]
-------------------------------------------------------------------------------
__affirm_variable_is_array array
[status = 0]
-------------------------------------------------------------------------------
__affirm_variable_is_array array custom-variable-name
[status = 0]
-------------------------------------------------------------------------------
__affirm_variable_is_array undefined
ERROR: __eval: The variable name undefined must be an array.
[status = 22]
-------------------------------------------------------------------------------
__affirm_variable_is_array undefined custom-variable-name
ERROR: __eval: The custom-variable-name undefined must be an array.
[status = 22]
-------------------------------------------------------------------------------
__affirm_variable_is_array undeclared
ERROR: __eval: The variable name undeclared must be an array.
[status = 22]
-------------------------------------------------------------------------------
__affirm_variable_is_array undeclared custom-variable-name
ERROR: __eval: The custom-variable-name undeclared must be an array.
[status = 22]