-------------------------------------------------------------------------------
__affirm_variable_name
ERROR: __affirm_variable_name: Expected one or two arguments, but 0 were provided.
[status = 22]
-------------------------------------------------------------------------------
__affirm_variable_name ''
ERROR: __eval: A variable name must be provided.
[status = 22]
-------------------------------------------------------------------------------
__affirm_variable_name a_0Z
[status = 0]
-------------------------------------------------------------------------------
__affirm_variable_name a_0Z custom-variable-name
[status = 0]
-------------------------------------------------------------------------------
__affirm_variable_name a_0Z\!
ERROR: __eval: Invalid variable name: a_0Z!
[status = 22]
-------------------------------------------------------------------------------
__affirm_variable_name a_0Z\! custom-variable-name
ERROR: __eval: Invalid custom-variable-name: a_0Z!
[status = 22]