-------------------------------------------------------------------------------
__affirm_length_defined
ERROR: __affirm_length_defined: Expected one or two arguments, but 0 were provided.
[status = 22]
-------------------------------------------------------------------------------
__affirm_length_defined ''
ERROR: __eval: At least one value must be provided, none were.
[status = 22]
-------------------------------------------------------------------------------
__affirm_length_defined '' custom-name-of-value
ERROR: __eval: At least one custom-name-of-value must be provided, none were.
[status = 22]
-------------------------------------------------------------------------------
__affirm_length_defined 0
ERROR: __eval: At least one value must be provided, none were.
[status = 22]
-------------------------------------------------------------------------------
__affirm_length_defined 0 custom-name-of-value
ERROR: __eval: At least one custom-name-of-value must be provided, none were.
[status = 22]
-------------------------------------------------------------------------------
__affirm_length_defined 1
[status = 0]
-------------------------------------------------------------------------------
__affirm_length_defined 1 custom-name-of-value
[status = 0]