-------------------------------------------------------------------------------
__affirm_value_is_positive_integer
ERROR: __affirm_value_is_positive_integer: Expected one or two arguments, but 0 were provided.
[status = 22]
-------------------------------------------------------------------------------
__affirm_value_is_positive_integer ''
ERROR: __eval: The value must be a positive integer, it was: [ empty ]
[status = 22]
-------------------------------------------------------------------------------
__affirm_value_is_positive_integer '' custom-name-of-value
ERROR: __eval: The custom-name-of-value must be a positive integer, it was: [ empty ]
[status = 22]
-------------------------------------------------------------------------------
__affirm_value_is_positive_integer 1
[status = 0]
-------------------------------------------------------------------------------
__affirm_value_is_positive_integer 1 custom-name-of-value
[status = 0]
-------------------------------------------------------------------------------
__affirm_value_is_positive_integer 0
[status = 0]
-------------------------------------------------------------------------------
__affirm_value_is_positive_integer 0 custom-name-of-value
[status = 0]
-------------------------------------------------------------------------------
__affirm_value_is_positive_integer -0
ERROR: __eval: The value must be a positive integer, it was: -0
[status = 22]
-------------------------------------------------------------------------------
__affirm_value_is_positive_integer -0 custom-name-of-value
ERROR: __eval: The custom-name-of-value must be a positive integer, it was: -0
[status = 22]
-------------------------------------------------------------------------------
__affirm_value_is_positive_integer -1
ERROR: __eval: The value must be a positive integer, it was: -1
[status = 22]
-------------------------------------------------------------------------------
__affirm_value_is_positive_integer -1 custom-name-of-value
ERROR: __eval: The custom-name-of-value must be a positive integer, it was: -1
[status = 22]
-------------------------------------------------------------------------------
__affirm_value_is_positive_integer a
ERROR: __eval: The value must be a positive integer, it was: a
[status = 22]
-------------------------------------------------------------------------------
__affirm_value_is_positive_integer a custom-name-of-value
ERROR: __eval: The custom-name-of-value must be a positive integer, it was: a
[status = 22]