arr[0] = a
arr[1] = b
arr[2] = c
arr[3] = d
arr[4] = e
arr[5] = f
str = abcdef
-------------------------------------------------------------------------------
__at --source=\{arr\} --index=0
a[status = 0]
-------------------------------------------------------------------------------
__at --source=\{arr\} 1
b[status = 0]
-------------------------------------------------------------------------------
__at --source=\{arr\} -1
f[status = 0]
-------------------------------------------------------------------------------
__at --source=\{arr\} -- -2
e[status = 0]
-------------------------------------------------------------------------------
__at --source=\{arr\} --index=0 1 -- -1
ERROR: __to: If the source AT__results is an array, then the target STDOUT must be as well:
AT__results[0] = a
AT__results[1] = b
AT__results[2] = f
[status = 22]
-------------------------------------------------------------------------------
__at --source=\{arr\} --target=\{array_target\} --index=0 --index=1 --index=-1 -- -2
[status = 0]
array_target[0] = a
array_target[1] = b
array_target[2] = f
array_target[3] = e
-------------------------------------------------------------------------------
__at --source=\{str\} --index=0
a[status = 0]
-------------------------------------------------------------------------------
__at --source=\{str\} 1
b[status = 0]
-------------------------------------------------------------------------------
__at --source=\{str\} -1
f[status = 0]
-------------------------------------------------------------------------------
__at --source=\{str\} -- -2
e[status = 0]
-------------------------------------------------------------------------------
__at --source=\{str\} --index=0 1 -- -1
ERROR: __to: If the source AT__results is an array, then the target STDOUT must be as well:
AT__results[0] = a
AT__results[1] = b
AT__results[2] = f
[status = 22]
-------------------------------------------------------------------------------
__at --source=\{str\} --target=\{str_target\} --index=0 --index=1 --index=-1 -- -2
ERROR: __to: If the source AT__results is an array, then the target str_target must be as well:
AT__results[0] = a
AT__results[1] = b
AT__results[2] = f
AT__results[3] = e
str_target = [ undefined ]
[status = 22]
str_target = [ undefined ]
-------------------------------------------------------------------------------
__at --source=\{arr\} --index=5
f[status = 0]
-------------------------------------------------------------------------------
__at --source=\{arr\} --index=6
ERROR: __at: The index 6 was beyond the range of:
arr[ 0 | -6 ] = a
arr[ 1 | -5 ] = b
arr[ 2 | -4 ] = c
arr[ 3 | -3 ] = d
arr[ 4 | -2 ] = e
arr[ 5 | -1 ] = f
[status = 33]
-------------------------------------------------------------------------------
__at --source=\{arr\} --index=7
ERROR: __at: The index 7 was beyond the range of:
arr[ 0 | -6 ] = a
arr[ 1 | -5 ] = b
arr[ 2 | -4 ] = c
arr[ 3 | -3 ] = d
arr[ 4 | -2 ] = e
arr[ 5 | -1 ] = f
[status = 33]
-------------------------------------------------------------------------------
__at --source=\{arr\} -5
b[status = 0]
-------------------------------------------------------------------------------
__at --source=\{arr\} --index=-6
a[status = 0]
-------------------------------------------------------------------------------
__at --source=\{arr\} --index=-7
ERROR: __at: The index -7 was beyond the range of:
arr[ 0 | -6 ] = a
arr[ 1 | -5 ] = b
arr[ 2 | -4 ] = c
arr[ 3 | -3 ] = d
arr[ 4 | -2 ] = e
arr[ 5 | -1 ] = f
[status = 33]
-------------------------------------------------------------------------------
__at --source=\{str\} --index=5
f[status = 0]
-------------------------------------------------------------------------------
__at --source=\{str\} --index=6
ERROR: __at: The index 6 was beyond the range of:
str = abcdef
str[ 0 | -6 ] = a
str[ 1 | -5 ] = b
str[ 2 | -4 ] = c
str[ 3 | -3 ] = d
str[ 4 | -2 ] = e
str[ 5 | -1 ] = f
[status = 33]
-------------------------------------------------------------------------------
__at --source=\{str\} --index=7
ERROR: __at: The index 7 was beyond the range of:
str = abcdef
str[ 0 | -6 ] = a
str[ 1 | -5 ] = b
str[ 2 | -4 ] = c
str[ 3 | -3 ] = d
str[ 4 | -2 ] = e
str[ 5 | -1 ] = f
[status = 33]
-------------------------------------------------------------------------------
__at --source=\{str\} -5
b[status = 0]
-------------------------------------------------------------------------------
__at --source=\{str\} --index=-6
a[status = 0]
-------------------------------------------------------------------------------
__at --source=\{str\} --index=-7
ERROR: __at: The index -7 was beyond the range of:
str = abcdef
str[ 0 | -6 ] = a
str[ 1 | -5 ] = b
str[ 2 | -4 ] = c
str[ 3 | -3 ] = d
str[ 4 | -2 ] = e
str[ 5 | -1 ] = f
[status = 33]