-------------------------------------------------------------------------------
__command_missing
ERROR: __command_missing: At least one command must be provided, none were.
[status = 22]
-------------------------------------------------------------------------------
__command_missing --
ERROR: __command_missing: At least one command must be provided, none were.
[status = 22]
-------------------------------------------------------------------------------
__command_missing -- bash
[status = 1]
-------------------------------------------------------------------------------
__command_missing -- bash bash
[status = 1]
-------------------------------------------------------------------------------
__command_missing -- $PLACEHOLDER__NON_EXISTENT_COMMAND
[status = 0]
-------------------------------------------------------------------------------
__command_missing -- $PLACEHOLDER__NON_EXISTENT_COMMAND bash
[status = 0]
-------------------------------------------------------------------------------
__command_missing -- bash $PLACEHOLDER__NON_EXISTENT_COMMAND
[status = 0]