-------------------------------------------------------------------------------
__command_exists
ERROR: __command_exists: At least one command must be provided, none were.
[status = 22]
-------------------------------------------------------------------------------
__command_exists --
ERROR: __command_exists: At least one command must be provided, none were.
[status = 22]
-------------------------------------------------------------------------------
__command_exists -- bash
[status = 0]
-------------------------------------------------------------------------------
__command_exists -- bash bash
[status = 0]
-------------------------------------------------------------------------------
__command_exists -- $PLACEHOLDER__NON_EXISTENT_COMMAND
[status = 1]
-------------------------------------------------------------------------------
__command_exists -- $PLACEHOLDER__NON_EXISTENT_COMMAND bash
[status = 1]
-------------------------------------------------------------------------------
__command_exists -- bash $PLACEHOLDER__NON_EXISTENT_COMMAND
[status = 1]