===============================================================================
input = string
string = abb
array[0] = a
array[1] = bb
name = $PLACEHOLDER__DECLARED_BUT_UNDEFINED
value = $PLACEHOLDER__DECLARED_BUT_UNDEFINED
names[@] = [ empty ]
values[@] = [ empty ]
-------------------------------------------------------------------------------
__dereference --source=string --name=\{name\}
[status = 0]
name = string
-------------------------------------------------------------------------------
__dereference --source=string --name=\{name\}
[status = 0]
name = string
-------------------------------------------------------------------------------
__dereference --source=string --append --name=\{names\}
[status = 0]
names[0] = string
-------------------------------------------------------------------------------
__dereference --source=string --append --name=\{names\}
[status = 0]
names[0] = string
names[1] = string
-------------------------------------------------------------------------------
__dereference --source=string --value=\{value\}
[status = 0]
value = abb
-------------------------------------------------------------------------------
__dereference --source=string --value=\{value\}
[status = 0]
value = abb
-------------------------------------------------------------------------------
__dereference --source=string --overwrite --value=\{value\}
[status = 0]
value = abb
-------------------------------------------------------------------------------
__dereference --source=string --overwrite --value=\{value\}
[status = 0]
value = abb
-------------------------------------------------------------------------------
__dereference --source=string --append --value=\{values\}
[status = 0]
values[0] = abb
-------------------------------------------------------------------------------
__dereference --source=string --append --value=\{values\}
[status = 0]
values[0] = abb
values[1] = abb
===============================================================================
input = {string}
string = abb
array[0] = a
array[1] = bb
name = $PLACEHOLDER__DECLARED_BUT_UNDEFINED
value = $PLACEHOLDER__DECLARED_BUT_UNDEFINED
names[@] = [ empty ]
values[@] = [ empty ]
-------------------------------------------------------------------------------
__dereference --source=\{string\} --name=\{name\}
[status = 0]
name = string
-------------------------------------------------------------------------------
__dereference --source=\{string\} --name=\{name\}
[status = 0]
name = string
-------------------------------------------------------------------------------
__dereference --source=\{string\} --append --name=\{names\}
[status = 0]
names[0] = string
-------------------------------------------------------------------------------
__dereference --source=\{string\} --append --name=\{names\}
[status = 0]
names[0] = string
names[1] = string
-------------------------------------------------------------------------------
__dereference --source=\{string\} --value=\{value\}
[status = 0]
value = abb
-------------------------------------------------------------------------------
__dereference --source=\{string\} --value=\{value\}
[status = 0]
value = abb
-------------------------------------------------------------------------------
__dereference --source=\{string\} --overwrite --value=\{value\}
[status = 0]
value = abb
-------------------------------------------------------------------------------
__dereference --source=\{string\} --overwrite --value=\{value\}
[status = 0]
value = abb
-------------------------------------------------------------------------------
__dereference --source=\{string\} --append --value=\{values\}
[status = 0]
values[0] = abb
-------------------------------------------------------------------------------
__dereference --source=\{string\} --append --value=\{values\}
[status = 0]
values[0] = abb
values[1] = abb
===============================================================================
input = array
string = abb
array[0] = a
array[1] = bb
name = $PLACEHOLDER__DECLARED_BUT_UNDEFINED
value = $PLACEHOLDER__DECLARED_BUT_UNDEFINED
names[@] = [ empty ]
values[@] = [ empty ]
-------------------------------------------------------------------------------
__dereference --source=array --name=\{name\}
[status = 0]
name = array
-------------------------------------------------------------------------------
__dereference --source=array --name=\{name\}
[status = 0]
name = array
-------------------------------------------------------------------------------
__dereference --source=array --append --name=\{names\}
[status = 0]
names[0] = array
-------------------------------------------------------------------------------
__dereference --source=array --append --name=\{names\}
[status = 0]
names[0] = array
names[1] = array
-------------------------------------------------------------------------------
__dereference --source=array --value=\{value\}
ERROR: __source_to_target: Cannot apply an array source array to a non-array target value.
[status = 22]
value = $PLACEHOLDER__DECLARED_BUT_UNDEFINED
-------------------------------------------------------------------------------
__dereference --source=array --value=\{value\}
ERROR: __source_to_target: Cannot apply an array source array to a non-array target value.
[status = 22]
value = $PLACEHOLDER__DECLARED_BUT_UNDEFINED
-------------------------------------------------------------------------------
__dereference --source=array --overwrite --value=\{value\}
ERROR: __source_to_target: Cannot apply an array source array to a non-array target value.
[status = 22]
value = $PLACEHOLDER__DECLARED_BUT_UNDEFINED
-------------------------------------------------------------------------------
__dereference --source=array --overwrite --value=\{value\}
ERROR: __source_to_target: Cannot apply an array source array to a non-array target value.
[status = 22]
value = $PLACEHOLDER__DECLARED_BUT_UNDEFINED
-------------------------------------------------------------------------------
__dereference --source=array --append --value=\{values\}
[status = 0]
values[0] = a
values[1] = bb
-------------------------------------------------------------------------------
__dereference --source=array --append --value=\{values\}
[status = 0]
values[0] = a
values[1] = bb
values[2] = a
values[3] = bb
===============================================================================
input = {array}
string = abb
array[0] = a
array[1] = bb
name = $PLACEHOLDER__DECLARED_BUT_UNDEFINED
value = $PLACEHOLDER__DECLARED_BUT_UNDEFINED
names[@] = [ empty ]
values[@] = [ empty ]
-------------------------------------------------------------------------------
__dereference --source=\{array\} --name=\{name\}
[status = 0]
name = array
-------------------------------------------------------------------------------
__dereference --source=\{array\} --name=\{name\}
[status = 0]
name = array
-------------------------------------------------------------------------------
__dereference --source=\{array\} --append --name=\{names\}
[status = 0]
names[0] = array
-------------------------------------------------------------------------------
__dereference --source=\{array\} --append --name=\{names\}
[status = 0]
names[0] = array
names[1] = array
-------------------------------------------------------------------------------
__dereference --source=\{array\} --value=\{value\}
ERROR: __source_to_target: Cannot apply an array source array to a non-array target value.
[status = 22]
value = $PLACEHOLDER__DECLARED_BUT_UNDEFINED
-------------------------------------------------------------------------------
__dereference --source=\{array\} --value=\{value\}
ERROR: __source_to_target: Cannot apply an array source array to a non-array target value.
[status = 22]
value = $PLACEHOLDER__DECLARED_BUT_UNDEFINED
-------------------------------------------------------------------------------
__dereference --source=\{array\} --overwrite --value=\{value\}
ERROR: __source_to_target: Cannot apply an array source array to a non-array target value.
[status = 22]
value = $PLACEHOLDER__DECLARED_BUT_UNDEFINED
-------------------------------------------------------------------------------
__dereference --source=\{array\} --overwrite --value=\{value\}
ERROR: __source_to_target: Cannot apply an array source array to a non-array target value.
[status = 22]
value = $PLACEHOLDER__DECLARED_BUT_UNDEFINED
-------------------------------------------------------------------------------
__dereference --source=\{array\} --append --value=\{values\}
[status = 0]
values[0] = a
values[1] = bb
-------------------------------------------------------------------------------
__dereference --source=\{array\} --append --value=\{values\}
[status = 0]
values[0] = a
values[1] = bb
values[2] = a
values[3] = bb