===============================================================================
DOROTHY_DEBUG = [ empty ]
-------------------------------------------------------------------------------
__debug_lines
[status = 0]
-------------------------------------------------------------------------------
__debug_lines ''
[status = 0]
-------------------------------------------------------------------------------
__debug_lines a
[status = 0]
-------------------------------------------------------------------------------
__debug_lines a '' b
[status = 0]
===============================================================================
DOROTHY_DEBUG = yes
-------------------------------------------------------------------------------
__debug_lines
[status = 0]
-------------------------------------------------------------------------------
__debug_lines ''

[status = 0]
-------------------------------------------------------------------------------
__debug_lines a
a
[status = 0]
-------------------------------------------------------------------------------
__debug_lines a '' b
a

b
[status = 0]