failure status: 22
failure status: 22
failure status: 22
failure status: 22
[0] = [a]
[1] = []
[0] = [a]
[1] = []
[0] = [a]