===============================================================================
--flag...
-------------------------------------------------------------------------------
__flag --target=\{result\} -- --flag
[status = 0]
result = yes
-------------------------------------------------------------------------------
__flag --target=\{result\} -- --flag
[status = 0]
result = yes
-------------------------------------------------------------------------------
__flag --target=\{result\} -- --flag=NO
[status = 0]
result = NO
-------------------------------------------------------------------------------
__flag --target=\{result\} -- --flag=NO
[status = 0]
result = NO
-------------------------------------------------------------------------------
__flag --target=\{result\} -- --flag=YES
[status = 0]
result = YES
-------------------------------------------------------------------------------
__flag --target=\{result\} -- --flag=YES
[status = 0]
result = YES
-------------------------------------------------------------------------------
__flag --target=\{result\} -- --flag=value
[status = 0]
result = value
-------------------------------------------------------------------------------
__flag --target=\{result\} -- --flag=value
[status = 0]
result = value
-------------------------------------------------------------------------------
__flag --target=\{result\} -- --flag=
[status = 0]
result = [ empty ]
-------------------------------------------------------------------------------
__flag --target=\{result\} -- --flag=
[status = 0]
result = [ empty ]
===============================================================================
--no-flag...
-------------------------------------------------------------------------------
__flag --target=\{result\} -- --no-flag
[status = 0]
result = no
-------------------------------------------------------------------------------
__flag --target=\{result\} -- --no-flag
[status = 0]
result = no
-------------------------------------------------------------------------------
__flag --target=\{result\} -- --no-flag=NO
[status = 0]
result = NO
-------------------------------------------------------------------------------
__flag --target=\{result\} -- --no-flag=NO
[status = 0]
result = NO
-------------------------------------------------------------------------------
__flag --target=\{result\} -- --no-flag=YES
[status = 0]
result = YES
-------------------------------------------------------------------------------
__flag --target=\{result\} -- --no-flag=YES
[status = 0]
result = YES
-------------------------------------------------------------------------------
__flag --target=\{result\} -- --no-flag=value
[status = 0]
result = value
-------------------------------------------------------------------------------
__flag --target=\{result\} -- --no-flag=value
[status = 0]
result = value
-------------------------------------------------------------------------------
__flag --target=\{result\} -- --no-flag=
[status = 0]
result = [ empty ]
-------------------------------------------------------------------------------
__flag --target=\{result\} -- --no-flag=
[status = 0]
result = [ empty ]
===============================================================================
--affirmative --flag...
-------------------------------------------------------------------------------
__flag --target=\{result\} --affirmative -- --flag
[status = 0]
result = yes
-------------------------------------------------------------------------------
__flag --target=\{result\} --affirmative -- --flag
[status = 0]
result = yes
-------------------------------------------------------------------------------
__flag --target=\{result\} --affirmative -- --flag=NO
[status = 0]
result = no
-------------------------------------------------------------------------------
__flag --target=\{result\} --affirmative -- --flag=NO
[status = 0]
result = no
-------------------------------------------------------------------------------
__flag --target=\{result\} --affirmative -- --flag=YES
[status = 0]
result = yes
-------------------------------------------------------------------------------
__flag --target=\{result\} --affirmative -- --flag=YES
[status = 0]
result = yes
-------------------------------------------------------------------------------
__flag --target=\{result\} --affirmative -- --flag=value
[status = 0]
result = value
-------------------------------------------------------------------------------
__flag --target=\{result\} --affirmative -- --flag=value
[status = 0]
result = value
-------------------------------------------------------------------------------
__flag --target=\{result\} --affirmative -- --flag=
[status = 0]
result = [ empty ]
-------------------------------------------------------------------------------
__flag --target=\{result\} --affirmative -- --flag=
[status = 0]
result = [ empty ]
===============================================================================
--affirmative --no-flag...
-------------------------------------------------------------------------------
__flag --target=\{result\} --affirmative -- --no-flag
[status = 0]
result = no
-------------------------------------------------------------------------------
__flag --target=\{result\} --affirmative -- --no-flag
[status = 0]
result = no
-------------------------------------------------------------------------------
__flag --target=\{result\} --affirmative -- --no-flag=NO
[status = 0]
result = yes
-------------------------------------------------------------------------------
__flag --target=\{result\} --affirmative -- --no-flag=NO
[status = 0]
result = yes
-------------------------------------------------------------------------------
__flag --target=\{result\} --affirmative -- --no-flag=YES
[status = 0]
result = no
-------------------------------------------------------------------------------
__flag --target=\{result\} --affirmative -- --no-flag=YES
[status = 0]
result = no
-------------------------------------------------------------------------------
__flag --target=\{result\} --affirmative -- --no-flag=value
[status = 0]
result = value
-------------------------------------------------------------------------------
__flag --target=\{result\} --affirmative -- --no-flag=value
[status = 0]
result = value
-------------------------------------------------------------------------------
__flag --target=\{result\} --affirmative -- --no-flag=
[status = 0]
result = [ empty ]
-------------------------------------------------------------------------------
__flag --target=\{result\} --affirmative -- --no-flag=
[status = 0]
result = [ empty ]
===============================================================================
--non-affirmative --flag...
-------------------------------------------------------------------------------
__flag --target=\{result\} --non-affirmative -- --flag
[status = 0]
result = no
-------------------------------------------------------------------------------
__flag --target=\{result\} --non-affirmative -- --flag
[status = 0]
result = no
-------------------------------------------------------------------------------
__flag --target=\{result\} --non-affirmative -- --flag=NO
[status = 0]
result = yes
-------------------------------------------------------------------------------
__flag --target=\{result\} --non-affirmative -- --flag=NO
[status = 0]
result = yes
-------------------------------------------------------------------------------
__flag --target=\{result\} --non-affirmative -- --flag=YES
[status = 0]
result = no
-------------------------------------------------------------------------------
__flag --target=\{result\} --non-affirmative -- --flag=YES
[status = 0]
result = no
-------------------------------------------------------------------------------
__flag --target=\{result\} --non-affirmative -- --flag=value
[status = 0]
result = value
-------------------------------------------------------------------------------
__flag --target=\{result\} --non-affirmative -- --flag=value
[status = 0]
result = value
-------------------------------------------------------------------------------
__flag --target=\{result\} --non-affirmative -- --flag=
[status = 0]
result = [ empty ]
-------------------------------------------------------------------------------
__flag --target=\{result\} --non-affirmative -- --flag=
[status = 0]
result = [ empty ]
-------------------------------------------------------------------------------
__flag --target=\{result\} --non-affirmative -- --no-flag
[status = 0]
result = yes
-------------------------------------------------------------------------------
__flag --target=\{result\} --non-affirmative -- --no-flag
[status = 0]
result = yes
-------------------------------------------------------------------------------
__flag --target=\{result\} --non-affirmative -- --no-flag=NO
[status = 0]
result = no
-------------------------------------------------------------------------------
__flag --target=\{result\} --non-affirmative -- --no-flag=NO
[status = 0]
result = no
-------------------------------------------------------------------------------
__flag --target=\{result\} --non-affirmative -- --no-flag=YES
[status = 0]
result = yes
-------------------------------------------------------------------------------
__flag --target=\{result\} --non-affirmative -- --no-flag=YES
[status = 0]
result = yes
-------------------------------------------------------------------------------
__flag --target=\{result\} --non-affirmative -- --no-flag=value
[status = 0]
result = value
-------------------------------------------------------------------------------
__flag --target=\{result\} --non-affirmative -- --no-flag=value
[status = 0]
result = value
-------------------------------------------------------------------------------
__flag --target=\{result\} --non-affirmative -- --no-flag=
[status = 0]
result = [ empty ]
-------------------------------------------------------------------------------
__flag --target=\{result\} --non-affirmative -- --no-flag=
[status = 0]
result = [ empty ]
===============================================================================
--coerce --affirmative --flag...
-------------------------------------------------------------------------------
__flag --target=\{result\} --affirmative --coerce -- --flag
[status = 0]
result = yes
-------------------------------------------------------------------------------
__flag --target=\{result\} --affirmative --coerce -- --flag
[status = 0]
result = yes
-------------------------------------------------------------------------------
__flag --target=\{result\} --affirmative --coerce -- --flag=NO
[status = 0]
result = no
-------------------------------------------------------------------------------
__flag --target=\{result\} --affirmative --coerce -- --flag=NO
[status = 0]
result = no
-------------------------------------------------------------------------------
__flag --target=\{result\} --affirmative --coerce -- --flag=YES
[status = 0]
result = yes
-------------------------------------------------------------------------------
__flag --target=\{result\} --affirmative --coerce -- --flag=YES
[status = 0]
result = yes
-------------------------------------------------------------------------------
__flag --target=\{result\} --affirmative --coerce -- --flag=value
ERROR: __flag: Invalid boolean value for flag flag, it was: value
[status = 22]
result = [ empty ]
-------------------------------------------------------------------------------
__flag --target=\{result\} --affirmative --coerce -- --flag=value
ERROR: __flag: Invalid boolean value for flag flag, it was: value
[status = 22]
result = default-value
-------------------------------------------------------------------------------
__flag --target=\{result\} --affirmative --coerce -- --flag=
[status = 0]
result = [ empty ]
-------------------------------------------------------------------------------
__flag --target=\{result\} --affirmative --coerce -- --flag=
[status = 0]
result = default-value
===============================================================================
--coerce --affirmative --no-flag...
-------------------------------------------------------------------------------
__flag --target=\{result\} --affirmative --coerce -- --no-flag
[status = 0]
result = no
-------------------------------------------------------------------------------
__flag --target=\{result\} --affirmative --coerce -- --no-flag
[status = 0]
result = no
-------------------------------------------------------------------------------
__flag --target=\{result\} --affirmative --coerce -- --no-flag=NO
[status = 0]
result = yes
-------------------------------------------------------------------------------
__flag --target=\{result\} --affirmative --coerce -- --no-flag=NO
[status = 0]
result = yes
-------------------------------------------------------------------------------
__flag --target=\{result\} --affirmative --coerce -- --no-flag=YES
[status = 0]
result = no
-------------------------------------------------------------------------------
__flag --target=\{result\} --affirmative --coerce -- --no-flag=YES
[status = 0]
result = no
-------------------------------------------------------------------------------
__flag --target=\{result\} --affirmative --coerce -- --no-flag=value
ERROR: __flag: Invalid boolean value for flag flag, it was: value
[status = 22]
result = [ empty ]
-------------------------------------------------------------------------------
__flag --target=\{result\} --affirmative --coerce -- --no-flag=value
ERROR: __flag: Invalid boolean value for flag flag, it was: value
[status = 22]
result = default-value
-------------------------------------------------------------------------------
__flag --target=\{result\} --affirmative --coerce -- --no-flag=
[status = 0]
result = [ empty ]
-------------------------------------------------------------------------------
__flag --target=\{result\} --affirmative --coerce -- --no-flag=
[status = 0]
result = default-value
===============================================================================
--coerce --non-affirmative --flag...
-------------------------------------------------------------------------------
__flag --target=\{result\} --non-affirmative --coerce -- --flag
[status = 0]
result = no
-------------------------------------------------------------------------------
__flag --target=\{result\} --non-affirmative --coerce -- --flag
[status = 0]
result = no
-------------------------------------------------------------------------------
__flag --target=\{result\} --non-affirmative --coerce -- --flag=NO
[status = 0]
result = yes
-------------------------------------------------------------------------------
__flag --target=\{result\} --non-affirmative --coerce -- --flag=NO
[status = 0]
result = yes
-------------------------------------------------------------------------------
__flag --target=\{result\} --non-affirmative --coerce -- --flag=YES
[status = 0]
result = no
-------------------------------------------------------------------------------
__flag --target=\{result\} --non-affirmative --coerce -- --flag=YES
[status = 0]
result = no
-------------------------------------------------------------------------------
__flag --target=\{result\} --non-affirmative --coerce -- --flag=value
ERROR: __flag: Invalid boolean value for flag flag, it was: value
[status = 22]
result = [ empty ]
-------------------------------------------------------------------------------
__flag --target=\{result\} --non-affirmative --coerce -- --flag=value
ERROR: __flag: Invalid boolean value for flag flag, it was: value
[status = 22]
result = default-value
-------------------------------------------------------------------------------
__flag --target=\{result\} --non-affirmative --coerce -- --flag=
[status = 0]
result = [ empty ]
-------------------------------------------------------------------------------
__flag --target=\{result\} --non-affirmative --coerce -- --flag=
[status = 0]
result = default-value
===============================================================================
--coerce --non-affirmative --no-flag...
-------------------------------------------------------------------------------
__flag --target=\{result\} --non-affirmative --coerce -- --no-flag
[status = 0]
result = yes
-------------------------------------------------------------------------------
__flag --target=\{result\} --non-affirmative --coerce -- --no-flag
[status = 0]
result = yes
-------------------------------------------------------------------------------
__flag --target=\{result\} --non-affirmative --coerce -- --no-flag=NO
[status = 0]
result = no
-------------------------------------------------------------------------------
__flag --target=\{result\} --non-affirmative --coerce -- --no-flag=NO
[status = 0]
result = no
-------------------------------------------------------------------------------
__flag --target=\{result\} --non-affirmative --coerce -- --no-flag=YES
[status = 0]
result = yes
-------------------------------------------------------------------------------
__flag --target=\{result\} --non-affirmative --coerce -- --no-flag=YES
[status = 0]
result = yes
-------------------------------------------------------------------------------
__flag --target=\{result\} --non-affirmative --coerce -- --no-flag=value
ERROR: __flag: Invalid boolean value for flag flag, it was: value
[status = 22]
result = [ empty ]
-------------------------------------------------------------------------------
__flag --target=\{result\} --non-affirmative --coerce -- --no-flag=value
ERROR: __flag: Invalid boolean value for flag flag, it was: value
[status = 22]
result = default-value
-------------------------------------------------------------------------------
__flag --target=\{result\} --non-affirmative --coerce -- --no-flag=
[status = 0]
result = [ empty ]
-------------------------------------------------------------------------------
__flag --target=\{result\} --non-affirmative --coerce -- --no-flag=
[status = 0]
result = default-value