-------------------------------------------------------------------------------
__get_lowercase_string
[status = 0]
-------------------------------------------------------------------------------
__get_lowercase_string --
[status = 0]
-------------------------------------------------------------------------------
__get_lowercase_string AA
aa[status = 0]
-------------------------------------------------------------------------------
__get_lowercase_string AA BB CC\ DD
aabbcc dd[status = 0]