-------------------------------------------------------------------------------
__get_uppercase_string
[status = 0]
-------------------------------------------------------------------------------
__get_uppercase_string --
[status = 0]
-------------------------------------------------------------------------------
__get_uppercase_string aa
AA[status = 0]
-------------------------------------------------------------------------------
__get_uppercase_string aa bb cc\ dd
AABBCC DD[status = 0]