-------------------------------------------------------------------------------
__get_read_decimal_timeout 1
1[status = 0]
-------------------------------------------------------------------------------
__get_read_decimal_timeout 1.
1.[status = 0]
-------------------------------------------------------------------------------
__get_read_decimal_timeout 1.0
1.0[status = 0]
-------------------------------------------------------------------------------
__get_read_decimal_timeout 1.01
1.01[status = 0]
-------------------------------------------------------------------------------
__get_read_decimal_timeout 1.010
1.010[status = 0]