-------------------------------------------------------------------------------
__get_uppercase_first_letter
[status = 0]
-------------------------------------------------------------------------------
__get_uppercase_first_letter --
[status = 0]
-------------------------------------------------------------------------------
__get_uppercase_first_letter aa
Aa[status = 0]
-------------------------------------------------------------------------------
__get_uppercase_first_letter aa bb cc\ dd
AaBbCc dd[status = 0]