-------------------------------------------------------------------------------
__is_even
ERROR: __is_even: At least one input must be provided, none were.
[status = 22]
-------------------------------------------------------------------------------
__is_even ''
ERROR: __is_even: The input must be an integer, it was: [ empty ]
[status = 22]
-------------------------------------------------------------------------------
__is_even --
ERROR: __is_even: The input must be an integer, it was: --
[status = 22]
-------------------------------------------------------------------------------
__is_even -- 1
ERROR: __is_even: The input must be an integer, it was: --
[status = 22]
-------------------------------------------------------------------------------
__is_even 33.2
ERROR: __is_even: The input must be an integer, it was: 33.2
[status = 22]
-------------------------------------------------------------------------------
__is_even 33.1
ERROR: __is_even: The input must be an integer, it was: 33.1
[status = 22]
-------------------------------------------------------------------------------
__is_even 33.0
ERROR: __is_even: The input must be an integer, it was: 33.0
[status = 22]
-------------------------------------------------------------------------------
__is_even 33
[status = 1]
-------------------------------------------------------------------------------
__is_even 20.2
ERROR: __is_even: The input must be an integer, it was: 20.2
[status = 22]
-------------------------------------------------------------------------------
__is_even 20.1
ERROR: __is_even: The input must be an integer, it was: 20.1
[status = 22]
-------------------------------------------------------------------------------
__is_even 20.0
ERROR: __is_even: The input must be an integer, it was: 20.0
[status = 22]
-------------------------------------------------------------------------------
__is_even +20
[status = 0]
-------------------------------------------------------------------------------
__is_even 20
[status = 0]
-------------------------------------------------------------------------------
__is_even +2.5
ERROR: __is_even: The input must be an integer, it was: +2.5
[status = 22]
-------------------------------------------------------------------------------
__is_even 2.5
ERROR: __is_even: The input must be an integer, it was: 2.5
[status = 22]
-------------------------------------------------------------------------------
__is_even +2
[status = 0]
-------------------------------------------------------------------------------
__is_even 2
[status = 0]
-------------------------------------------------------------------------------
__is_even +1.5
ERROR: __is_even: The input must be an integer, it was: +1.5
[status = 22]
-------------------------------------------------------------------------------
__is_even 1.5
ERROR: __is_even: The input must be an integer, it was: 1.5
[status = 22]
-------------------------------------------------------------------------------
__is_even +1
[status = 1]
-------------------------------------------------------------------------------
__is_even 1
[status = 1]
-------------------------------------------------------------------------------
__is_even +0.5
ERROR: __is_even: The input must be an integer, it was: +0.5
[status = 22]
-------------------------------------------------------------------------------
__is_even 0.5
ERROR: __is_even: The input must be an integer, it was: 0.5
[status = 22]
-------------------------------------------------------------------------------
__is_even +0
[status = 0]
-------------------------------------------------------------------------------
__is_even 0
[status = 0]
-------------------------------------------------------------------------------
__is_even 00
[status = 0]
-------------------------------------------------------------------------------
__is_even -0
[status = 0]
-------------------------------------------------------------------------------
__is_even -0.5
ERROR: __is_even: The input must be an integer, it was: -0.5
[status = 22]
-------------------------------------------------------------------------------
__is_even -1
[status = 1]
-------------------------------------------------------------------------------
__is_even -1.5
ERROR: __is_even: The input must be an integer, it was: -1.5
[status = 22]
-------------------------------------------------------------------------------
__is_even -20
[status = 0]
-------------------------------------------------------------------------------
__is_even -20.0
ERROR: __is_even: The input must be an integer, it was: -20.0
[status = 22]
-------------------------------------------------------------------------------
__is_even -20.1
ERROR: __is_even: The input must be an integer, it was: -20.1
[status = 22]
-------------------------------------------------------------------------------
__is_even -20.2
ERROR: __is_even: The input must be an integer, it was: -20.2
[status = 22]
-------------------------------------------------------------------------------
__is_even -33
[status = 1]
-------------------------------------------------------------------------------
__is_even -33.0
ERROR: __is_even: The input must be an integer, it was: -33.0
[status = 22]
-------------------------------------------------------------------------------
__is_even -33.1
ERROR: __is_even: The input must be an integer, it was: -33.1
[status = 22]
-------------------------------------------------------------------------------
__is_even -33.2
ERROR: __is_even: The input must be an integer, it was: -33.2
[status = 22]
-------------------------------------------------------------------------------
__is_even +1.1.1
ERROR: __is_even: The input must be an integer, it was: +1.1.1
[status = 22]
-------------------------------------------------------------------------------
__is_even 1.1.1
ERROR: __is_even: The input must be an integer, it was: 1.1.1
[status = 22]
-------------------------------------------------------------------------------
__is_even -1.1.1
ERROR: __is_even: The input must be an integer, it was: -1.1.1
[status = 22]
-------------------------------------------------------------------------------
__is_even +1.2.3
ERROR: __is_even: The input must be an integer, it was: +1.2.3
[status = 22]
-------------------------------------------------------------------------------
__is_even 1.2.3
ERROR: __is_even: The input must be an integer, it was: 1.2.3
[status = 22]
-------------------------------------------------------------------------------
__is_even -1.2.3
ERROR: __is_even: The input must be an integer, it was: -1.2.3
[status = 22]
-------------------------------------------------------------------------------
__is_even +2.2.2
ERROR: __is_even: The input must be an integer, it was: +2.2.2
[status = 22]
-------------------------------------------------------------------------------
__is_even 2.2.2
ERROR: __is_even: The input must be an integer, it was: 2.2.2
[status = 22]
-------------------------------------------------------------------------------
__is_even -2.2.2
ERROR: __is_even: The input must be an integer, it was: -2.2.2
[status = 22]
-------------------------------------------------------------------------------
__is_even +1.1a
ERROR: __is_even: The input must be an integer, it was: +1.1a
[status = 22]
-------------------------------------------------------------------------------
__is_even +1.a
ERROR: __is_even: The input must be an integer, it was: +1.a
[status = 22]
-------------------------------------------------------------------------------
__is_even +1a
ERROR: __is_even: The input must be an integer, it was: +1a
[status = 22]
-------------------------------------------------------------------------------
__is_even 1a
ERROR: __is_even: The input must be an integer, it was: 1a
[status = 22]
-------------------------------------------------------------------------------
__is_even -1a
ERROR: __is_even: The input must be an integer, it was: -1a
[status = 22]
-------------------------------------------------------------------------------
__is_even -1.a
ERROR: __is_even: The input must be an integer, it was: -1.a
[status = 22]
-------------------------------------------------------------------------------
__is_even -1.1a
ERROR: __is_even: The input must be an integer, it was: -1.1a
[status = 22]
-------------------------------------------------------------------------------
__is_even +2a
ERROR: __is_even: The input must be an integer, it was: +2a
[status = 22]
-------------------------------------------------------------------------------
__is_even +2.a
ERROR: __is_even: The input must be an integer, it was: +2.a
[status = 22]
-------------------------------------------------------------------------------
__is_even +2.2a
ERROR: __is_even: The input must be an integer, it was: +2.2a
[status = 22]
-------------------------------------------------------------------------------
__is_even +2.2.a
ERROR: __is_even: The input must be an integer, it was: +2.2.a
[status = 22]
-------------------------------------------------------------------------------
__is_even +2.2.2a
ERROR: __is_even: The input must be an integer, it was: +2.2.2a
[status = 22]
-------------------------------------------------------------------------------
__is_even 2a
ERROR: __is_even: The input must be an integer, it was: 2a
[status = 22]
-------------------------------------------------------------------------------
__is_even 2.a
ERROR: __is_even: The input must be an integer, it was: 2.a
[status = 22]
-------------------------------------------------------------------------------
__is_even 2.2a
ERROR: __is_even: The input must be an integer, it was: 2.2a
[status = 22]
-------------------------------------------------------------------------------
__is_even 2.2.a
ERROR: __is_even: The input must be an integer, it was: 2.2.a
[status = 22]
-------------------------------------------------------------------------------
__is_even 2.2.2a
ERROR: __is_even: The input must be an integer, it was: 2.2.2a
[status = 22]
-------------------------------------------------------------------------------
__is_even -2a
ERROR: __is_even: The input must be an integer, it was: -2a
[status = 22]
-------------------------------------------------------------------------------
__is_even -2.a
ERROR: __is_even: The input must be an integer, it was: -2.a
[status = 22]
-------------------------------------------------------------------------------
__is_even -2.2a
ERROR: __is_even: The input must be an integer, it was: -2.2a
[status = 22]
-------------------------------------------------------------------------------
__is_even -2.2.a
ERROR: __is_even: The input must be an integer, it was: -2.2.a
[status = 22]
-------------------------------------------------------------------------------
__is_even -2.2.2a
ERROR: __is_even: The input must be an integer, it was: -2.2.2a
[status = 22]
-------------------------------------------------------------------------------
__is_even 1 a
[status = 1]
-------------------------------------------------------------------------------
__is_even 1 2
[status = 1]
-------------------------------------------------------------------------------
__is_even 1 3
[status = 1]
-------------------------------------------------------------------------------
__is_even 2 4
[status = 0]
-------------------------------------------------------------------------------
__is_even 0 -0
[status = 0]
-------------------------------------------------------------------------------
__is_even 0 0
[status = 0]
-------------------------------------------------------------------------------
__is_even 0 +0
[status = 0]
-------------------------------------------------------------------------------
__is_even -4 -2
[status = 0]
-------------------------------------------------------------------------------
__is_even -3 -1
[status = 1]
-------------------------------------------------------------------------------
__is_even -2 -1
[status = 1]
-------------------------------------------------------------------------------
__is_even -1 a
[status = 1]