-------------------------------------------------------------------------------
__is_affirmative
[status = 91]
-------------------------------------------------------------------------------
__is_affirmative ''
[status = 91]
-------------------------------------------------------------------------------
__is_affirmative '' yes
[status = 91]
-------------------------------------------------------------------------------
__is_affirmative '' yes asd
[status = 91]
-------------------------------------------------------------------------------
__is_affirmative --ignore-empty '' yes
[status = 0]
-------------------------------------------------------------------------------
__is_affirmative --ignore-empty '' yes asd
[status = 91]
-------------------------------------------------------------------------------
__is_affirmative '' no
[status = 91]
-------------------------------------------------------------------------------
__is_affirmative '' no asd
[status = 91]
-------------------------------------------------------------------------------
__is_affirmative --ignore-empty '' no
[status = 1]
-------------------------------------------------------------------------------
__is_affirmative --ignore-empty '' no asd
[status = 1]
-------------------------------------------------------------------------------
__is_affirmative y
[status = 0]
-------------------------------------------------------------------------------
__is_affirmative yes
[status = 0]
-------------------------------------------------------------------------------
__is_affirmative true
[status = 0]
-------------------------------------------------------------------------------
__is_affirmative y yes true Y YES TRUE
[status = 0]
-------------------------------------------------------------------------------
__is_affirmative y -- yes true
[status = 0]
-------------------------------------------------------------------------------
__is_affirmative -- y yes true
[status = 0]
-------------------------------------------------------------------------------
__is_affirmative n yes true
[status = 1]
-------------------------------------------------------------------------------
__is_affirmative n -- yes true
[status = 1]
-------------------------------------------------------------------------------
__is_affirmative -- n yes true
[status = 1]
-------------------------------------------------------------------------------
__is_affirmative n
[status = 1]
-------------------------------------------------------------------------------
__is_affirmative no
[status = 1]
-------------------------------------------------------------------------------
__is_affirmative false
[status = 1]
-------------------------------------------------------------------------------
__is_affirmative n no false N NO FALSE
[status = 1]
-------------------------------------------------------------------------------
__is_affirmative n -- no false
[status = 1]
-------------------------------------------------------------------------------
__is_affirmative -- n no false
[status = 1]