-------------------------------------------------------------------------------
__is_sparse_array
ERROR: __is_sparse_array: At least one variable reference must be provided, none were.
[status = 22]
-------------------------------------------------------------------------------
__is_sparse_array --
ERROR: __dereference: Invalid variable name: --
[status = 22]
-------------------------------------------------------------------------------
__is_sparse_array undeclared
[status = 1]
-------------------------------------------------------------------------------
__is_sparse_array \{undeclared\}
[status = 1]
-------------------------------------------------------------------------------
__is_sparse_array undefined
[status = 1]
-------------------------------------------------------------------------------
__is_sparse_array \{undefined\}
[status = 1]
-------------------------------------------------------------------------------
__is_sparse_array undefined_number
[status = 1]
-------------------------------------------------------------------------------
__is_sparse_array \{undefined_number\}
[status = 1]
-------------------------------------------------------------------------------
__is_sparse_array empty_array
[status = 1]
-------------------------------------------------------------------------------
__is_sparse_array \{empty_array\}
[status = 1]
-------------------------------------------------------------------------------
__is_sparse_array non_empty_array
[status = 1]
-------------------------------------------------------------------------------
__is_sparse_array \{non_empty_array\}
[status = 1]
-------------------------------------------------------------------------------
__is_sparse_array sparse_array
[status = 0]
-------------------------------------------------------------------------------
__is_sparse_array \{sparse_array\}
[status = 0]
-------------------------------------------------------------------------------
__is_sparse_array empty_string
[status = 1]
-------------------------------------------------------------------------------
__is_sparse_array \{empty_string\}
[status = 1]
-------------------------------------------------------------------------------
__is_sparse_array zero
[status = 1]
-------------------------------------------------------------------------------
__is_sparse_array \{zero\}
[status = 1]
-------------------------------------------------------------------------------
__is_sparse_array sparse_array \{sparse_array\}
[status = 0]
-------------------------------------------------------------------------------
__is_sparse_array \{sparse_array\} \{empty_array\}
[status = 1]