-------------------------------------------------------------------------------
__is_non_affirmative
[status = 91]
-------------------------------------------------------------------------------
__is_non_affirmative ''
[status = 91]
-------------------------------------------------------------------------------
__is_non_affirmative '' yes
[status = 91]
-------------------------------------------------------------------------------
__is_non_affirmative '' yes asd
[status = 91]
-------------------------------------------------------------------------------
__is_non_affirmative --ignore-empty '' yes
[status = 1]
-------------------------------------------------------------------------------
__is_non_affirmative --ignore-empty '' yes asd
[status = 1]
-------------------------------------------------------------------------------
__is_non_affirmative '' no
[status = 91]
-------------------------------------------------------------------------------
__is_non_affirmative '' no asd
[status = 91]
-------------------------------------------------------------------------------
__is_non_affirmative --ignore-empty '' no
[status = 0]
-------------------------------------------------------------------------------
__is_non_affirmative --ignore-empty '' no asd
[status = 91]
-------------------------------------------------------------------------------
__is_non_affirmative y
[status = 1]
-------------------------------------------------------------------------------
__is_non_affirmative yes
[status = 1]
-------------------------------------------------------------------------------
__is_non_affirmative true
[status = 1]
-------------------------------------------------------------------------------
__is_non_affirmative y yes true Y YES TRUE
[status = 1]
-------------------------------------------------------------------------------
__is_non_affirmative y -- yes true
[status = 1]
-------------------------------------------------------------------------------
__is_non_affirmative -- y yes true
[status = 1]
-------------------------------------------------------------------------------
__is_non_affirmative n yes true
[status = 1]
-------------------------------------------------------------------------------
__is_non_affirmative n -- yes true
[status = 1]
-------------------------------------------------------------------------------
__is_non_affirmative -- n yes true
[status = 1]
-------------------------------------------------------------------------------
__is_non_affirmative n
[status = 0]
-------------------------------------------------------------------------------
__is_non_affirmative no
[status = 0]
-------------------------------------------------------------------------------
__is_non_affirmative false
[status = 0]
-------------------------------------------------------------------------------
__is_non_affirmative n no false N NO FALSE
[status = 0]
-------------------------------------------------------------------------------
__is_non_affirmative n -- no false
[status = 0]
-------------------------------------------------------------------------------
__is_non_affirmative -- n no false
[status = 0]