-------------------------------------------------------------------------------
__is_digit
ERROR: __is_digit: At least one input must be provided, none were.
[status = 22]
-------------------------------------------------------------------------------
__is_digit ''
[status = 1]
-------------------------------------------------------------------------------
__is_digit --
[status = 1]
-------------------------------------------------------------------------------
__is_digit -- 1
[status = 1]
-------------------------------------------------------------------------------
__is_digit 33.2
[status = 1]
-------------------------------------------------------------------------------
__is_digit 33.1
[status = 1]
-------------------------------------------------------------------------------
__is_digit 33.0
[status = 1]
-------------------------------------------------------------------------------
__is_digit 33
[status = 1]
-------------------------------------------------------------------------------
__is_digit 20.2
[status = 1]
-------------------------------------------------------------------------------
__is_digit 20.1
[status = 1]
-------------------------------------------------------------------------------
__is_digit 20.0
[status = 1]
-------------------------------------------------------------------------------
__is_digit +20
[status = 1]
-------------------------------------------------------------------------------
__is_digit 20
[status = 1]
-------------------------------------------------------------------------------
__is_digit +2.5
[status = 1]
-------------------------------------------------------------------------------
__is_digit 2.5
[status = 1]
-------------------------------------------------------------------------------
__is_digit +2
[status = 1]
-------------------------------------------------------------------------------
__is_digit 2
[status = 0]
-------------------------------------------------------------------------------
__is_digit +1.5
[status = 1]
-------------------------------------------------------------------------------
__is_digit 1.5
[status = 1]
-------------------------------------------------------------------------------
__is_digit +1
[status = 1]
-------------------------------------------------------------------------------
__is_digit 1
[status = 0]
-------------------------------------------------------------------------------
__is_digit +0.5
[status = 1]
-------------------------------------------------------------------------------
__is_digit 0.5
[status = 1]
-------------------------------------------------------------------------------
__is_digit +0
[status = 1]
-------------------------------------------------------------------------------
__is_digit 0
[status = 0]
-------------------------------------------------------------------------------
__is_digit 00
[status = 1]
-------------------------------------------------------------------------------
__is_digit -0
[status = 1]
-------------------------------------------------------------------------------
__is_digit -0.5
[status = 1]
-------------------------------------------------------------------------------
__is_digit -1
[status = 1]
-------------------------------------------------------------------------------
__is_digit -1.5
[status = 1]
-------------------------------------------------------------------------------
__is_digit -20
[status = 1]
-------------------------------------------------------------------------------
__is_digit -20.0
[status = 1]
-------------------------------------------------------------------------------
__is_digit -20.1
[status = 1]
-------------------------------------------------------------------------------
__is_digit -20.2
[status = 1]
-------------------------------------------------------------------------------
__is_digit -33
[status = 1]
-------------------------------------------------------------------------------
__is_digit -33.0
[status = 1]
-------------------------------------------------------------------------------
__is_digit -33.1
[status = 1]
-------------------------------------------------------------------------------
__is_digit -33.2
[status = 1]
-------------------------------------------------------------------------------
__is_digit +1.1.1
[status = 1]
-------------------------------------------------------------------------------
__is_digit 1.1.1
[status = 1]
-------------------------------------------------------------------------------
__is_digit -1.1.1
[status = 1]
-------------------------------------------------------------------------------
__is_digit +1.2.3
[status = 1]
-------------------------------------------------------------------------------
__is_digit 1.2.3
[status = 1]
-------------------------------------------------------------------------------
__is_digit -1.2.3
[status = 1]
-------------------------------------------------------------------------------
__is_digit +2.2.2
[status = 1]
-------------------------------------------------------------------------------
__is_digit 2.2.2
[status = 1]
-------------------------------------------------------------------------------
__is_digit -2.2.2
[status = 1]
-------------------------------------------------------------------------------
__is_digit +1.1a
[status = 1]
-------------------------------------------------------------------------------
__is_digit +1.a
[status = 1]
-------------------------------------------------------------------------------
__is_digit +1a
[status = 1]
-------------------------------------------------------------------------------
__is_digit 1a
[status = 1]
-------------------------------------------------------------------------------
__is_digit -1a
[status = 1]
-------------------------------------------------------------------------------
__is_digit -1.a
[status = 1]
-------------------------------------------------------------------------------
__is_digit -1.1a
[status = 1]
-------------------------------------------------------------------------------
__is_digit +2a
[status = 1]
-------------------------------------------------------------------------------
__is_digit +2.a
[status = 1]
-------------------------------------------------------------------------------
__is_digit +2.2a
[status = 1]
-------------------------------------------------------------------------------
__is_digit +2.2.a
[status = 1]
-------------------------------------------------------------------------------
__is_digit +2.2.2a
[status = 1]
-------------------------------------------------------------------------------
__is_digit 2a
[status = 1]
-------------------------------------------------------------------------------
__is_digit 2.a
[status = 1]
-------------------------------------------------------------------------------
__is_digit 2.2a
[status = 1]
-------------------------------------------------------------------------------
__is_digit 2.2.a
[status = 1]
-------------------------------------------------------------------------------
__is_digit 2.2.2a
[status = 1]
-------------------------------------------------------------------------------
__is_digit -2a
[status = 1]
-------------------------------------------------------------------------------
__is_digit -2.a
[status = 1]
-------------------------------------------------------------------------------
__is_digit -2.2a
[status = 1]
-------------------------------------------------------------------------------
__is_digit -2.2.a
[status = 1]
-------------------------------------------------------------------------------
__is_digit -2.2.2a
[status = 1]
-------------------------------------------------------------------------------
__is_digit 1 a
[status = 1]
-------------------------------------------------------------------------------
__is_digit 1 2
[status = 0]
-------------------------------------------------------------------------------
__is_digit 1 3
[status = 0]
-------------------------------------------------------------------------------
__is_digit 2 4
[status = 0]
-------------------------------------------------------------------------------
__is_digit 0 -0
[status = 1]
-------------------------------------------------------------------------------
__is_digit 0 0
[status = 0]
-------------------------------------------------------------------------------
__is_digit 0 +0
[status = 1]
-------------------------------------------------------------------------------
__is_digit -4 -2
[status = 1]
-------------------------------------------------------------------------------
__is_digit -3 -1
[status = 1]
-------------------------------------------------------------------------------
__is_digit -2 -1
[status = 1]
-------------------------------------------------------------------------------
__is_digit -1 a
[status = 1]