-------------------------------------------------------------------------------
__is_var_defined
ERROR: __is_var_defined: At least one variable name must be provided, none were.
[status = 22]
-------------------------------------------------------------------------------
__is_var_defined --
ERROR: __is_var_defined: Invalid variable name: --
[status = 22]
-------------------------------------------------------------------------------
__is_var_defined \{reference\}
ERROR: __is_var_defined: Invalid variable name, remove the squigglies: {reference}
[status = 22]
-------------------------------------------------------------------------------
__is_var_defined undeclared
[status = 1]
-------------------------------------------------------------------------------
__is_var_defined undefined
[status = $PLACEHOLDER__IS_UNDEFINED_DEFINED]
-------------------------------------------------------------------------------
__is_var_defined undefined_number
[status = $PLACEHOLDER__IS_UNDEFINED_DEFINED]
-------------------------------------------------------------------------------
__is_var_defined empty_array
[status = 0]
-------------------------------------------------------------------------------
__is_var_defined empty_string
[status = 0]
-------------------------------------------------------------------------------
__is_var_defined zero
[status = 0]
-------------------------------------------------------------------------------
__is_var_defined empty_array empty_string zero
[status = 0]
-------------------------------------------------------------------------------
__is_var_defined empty_array empty_string zero undeclared
[status = 1]