-------------------------------------------------------------------------------
__is_reference
ERROR: __is_reference: At least one input must be provided, none were.
[status = 22]
-------------------------------------------------------------------------------
__is_reference ''
[status = 1]
-------------------------------------------------------------------------------
__is_reference \{\}
[status = 1]
-------------------------------------------------------------------------------
__is_reference \{a\}
[status = 0]
-------------------------------------------------------------------------------
__is_reference \{a\} ''
[status = 1]
-------------------------------------------------------------------------------
__is_reference '' ''
[status = 1]
-------------------------------------------------------------------------------
__is_reference \{a\} \{b\}
[status = 0]