-------------------------------------------------------------------------------
__is_negative_integer
ERROR: __is_negative_integer: At least one input must be provided, none were.
[status = 22]
-------------------------------------------------------------------------------
__is_negative_integer ''
[status = 1]
-------------------------------------------------------------------------------
__is_negative_integer --
[status = 1]
-------------------------------------------------------------------------------
__is_negative_integer -- 1
[status = 1]
-------------------------------------------------------------------------------
__is_negative_integer 33.2
[status = 1]
-------------------------------------------------------------------------------
__is_negative_integer 33.1
[status = 1]
-------------------------------------------------------------------------------
__is_negative_integer 33.0
[status = 1]
-------------------------------------------------------------------------------
__is_negative_integer 33
[status = 1]
-------------------------------------------------------------------------------
__is_negative_integer 20.2
[status = 1]
-------------------------------------------------------------------------------
__is_negative_integer 20.1
[status = 1]
-------------------------------------------------------------------------------
__is_negative_integer 20.0
[status = 1]
-------------------------------------------------------------------------------
__is_negative_integer +20
[status = 1]
-------------------------------------------------------------------------------
__is_negative_integer 20
[status = 1]
-------------------------------------------------------------------------------
__is_negative_integer +2.5
[status = 1]
-------------------------------------------------------------------------------
__is_negative_integer 2.5
[status = 1]
-------------------------------------------------------------------------------
__is_negative_integer +2
[status = 1]
-------------------------------------------------------------------------------
__is_negative_integer 2
[status = 1]
-------------------------------------------------------------------------------
__is_negative_integer +1.5
[status = 1]
-------------------------------------------------------------------------------
__is_negative_integer 1.5
[status = 1]
-------------------------------------------------------------------------------
__is_negative_integer +1
[status = 1]
-------------------------------------------------------------------------------
__is_negative_integer 1
[status = 1]
-------------------------------------------------------------------------------
__is_negative_integer +0.5
[status = 1]
-------------------------------------------------------------------------------
__is_negative_integer 0.5
[status = 1]
-------------------------------------------------------------------------------
__is_negative_integer +0
[status = 1]
-------------------------------------------------------------------------------
__is_negative_integer 0
[status = 1]
-------------------------------------------------------------------------------
__is_negative_integer 00
[status = 1]
-------------------------------------------------------------------------------
__is_negative_integer -0
[status = 0]
-------------------------------------------------------------------------------
__is_negative_integer -0.5
[status = 1]
-------------------------------------------------------------------------------
__is_negative_integer -1
[status = 0]
-------------------------------------------------------------------------------
__is_negative_integer -1.5
[status = 1]
-------------------------------------------------------------------------------
__is_negative_integer -20
[status = 0]
-------------------------------------------------------------------------------
__is_negative_integer -20.0
[status = 1]
-------------------------------------------------------------------------------
__is_negative_integer -20.1
[status = 1]
-------------------------------------------------------------------------------
__is_negative_integer -20.2
[status = 1]
-------------------------------------------------------------------------------
__is_negative_integer -33
[status = 0]
-------------------------------------------------------------------------------
__is_negative_integer -33.0
[status = 1]
-------------------------------------------------------------------------------
__is_negative_integer -33.1
[status = 1]
-------------------------------------------------------------------------------
__is_negative_integer -33.2
[status = 1]
-------------------------------------------------------------------------------
__is_negative_integer +1.1.1
[status = 1]
-------------------------------------------------------------------------------
__is_negative_integer 1.1.1
[status = 1]
-------------------------------------------------------------------------------
__is_negative_integer -1.1.1
[status = 1]
-------------------------------------------------------------------------------
__is_negative_integer +1.2.3
[status = 1]
-------------------------------------------------------------------------------
__is_negative_integer 1.2.3
[status = 1]
-------------------------------------------------------------------------------
__is_negative_integer -1.2.3
[status = 1]
-------------------------------------------------------------------------------
__is_negative_integer +2.2.2
[status = 1]
-------------------------------------------------------------------------------
__is_negative_integer 2.2.2
[status = 1]
-------------------------------------------------------------------------------
__is_negative_integer -2.2.2
[status = 1]
-------------------------------------------------------------------------------
__is_negative_integer +1.1a
[status = 1]
-------------------------------------------------------------------------------
__is_negative_integer +1.a
[status = 1]
-------------------------------------------------------------------------------
__is_negative_integer +1a
[status = 1]
-------------------------------------------------------------------------------
__is_negative_integer 1a
[status = 1]
-------------------------------------------------------------------------------
__is_negative_integer -1a
[status = 1]
-------------------------------------------------------------------------------
__is_negative_integer -1.a
[status = 1]
-------------------------------------------------------------------------------
__is_negative_integer -1.1a
[status = 1]
-------------------------------------------------------------------------------
__is_negative_integer +2a
[status = 1]
-------------------------------------------------------------------------------
__is_negative_integer +2.a
[status = 1]
-------------------------------------------------------------------------------
__is_negative_integer +2.2a
[status = 1]
-------------------------------------------------------------------------------
__is_negative_integer +2.2.a
[status = 1]
-------------------------------------------------------------------------------
__is_negative_integer +2.2.2a
[status = 1]
-------------------------------------------------------------------------------
__is_negative_integer 2a
[status = 1]
-------------------------------------------------------------------------------
__is_negative_integer 2.a
[status = 1]
-------------------------------------------------------------------------------
__is_negative_integer 2.2a
[status = 1]
-------------------------------------------------------------------------------
__is_negative_integer 2.2.a
[status = 1]
-------------------------------------------------------------------------------
__is_negative_integer 2.2.2a
[status = 1]
-------------------------------------------------------------------------------
__is_negative_integer -2a
[status = 1]
-------------------------------------------------------------------------------
__is_negative_integer -2.a
[status = 1]
-------------------------------------------------------------------------------
__is_negative_integer -2.2a
[status = 1]
-------------------------------------------------------------------------------
__is_negative_integer -2.2.a
[status = 1]
-------------------------------------------------------------------------------
__is_negative_integer -2.2.2a
[status = 1]
-------------------------------------------------------------------------------
__is_negative_integer 1 a
[status = 1]
-------------------------------------------------------------------------------
__is_negative_integer 1 2
[status = 1]
-------------------------------------------------------------------------------
__is_negative_integer 1 3
[status = 1]
-------------------------------------------------------------------------------
__is_negative_integer 2 4
[status = 1]
-------------------------------------------------------------------------------
__is_negative_integer 0 -0
[status = 1]
-------------------------------------------------------------------------------
__is_negative_integer 0 0
[status = 1]
-------------------------------------------------------------------------------
__is_negative_integer 0 +0
[status = 1]
-------------------------------------------------------------------------------
__is_negative_integer -4 -2
[status = 0]
-------------------------------------------------------------------------------
__is_negative_integer -3 -1
[status = 0]
-------------------------------------------------------------------------------
__is_negative_integer -2 -1
[status = 0]
-------------------------------------------------------------------------------
__is_negative_integer -1 a
[status = 1]