-------------------------------------------------------------------------------
__is_array
ERROR: __is_array: At least one variable name must be provided, none were.
[status = 22]
-------------------------------------------------------------------------------
__is_array --
ERROR: __is_array: Invalid variable name: --
[status = 22]
-------------------------------------------------------------------------------
__is_array \{reference\}
ERROR: __is_array: Invalid variable name, remove the squigglies: {reference}
[status = 22]
-------------------------------------------------------------------------------
__is_array undeclared
[status = 1]
-------------------------------------------------------------------------------
__is_array undefined
[status = 1]
-------------------------------------------------------------------------------
__is_array undefined_number
[status = 1]
-------------------------------------------------------------------------------
__is_array empty_array
[status = 0]
-------------------------------------------------------------------------------
__is_array non_empty_array
[status = 0]
-------------------------------------------------------------------------------
__is_array sparse_array
[status = 0]
-------------------------------------------------------------------------------
__is_array empty_string
[status = 1]
-------------------------------------------------------------------------------
__is_array zero
[status = 1]
-------------------------------------------------------------------------------
__is_array empty_array non_empty_array sparse_array
[status = 0]
-------------------------------------------------------------------------------
__is_array empty_array non_empty_array sparse_array empty_string
[status = 1]