-------------------------------------------------------------------------------
__is_zero
ERROR: __is_zero: At least one input must be provided, none were.
[status = 22]
-------------------------------------------------------------------------------
__is_zero ''
ERROR: __is_zero: The input must be an integer, it was: [ empty ]
[status = 22]
-------------------------------------------------------------------------------
__is_zero --
ERROR: __is_zero: The input must be an integer, it was: --
[status = 22]
-------------------------------------------------------------------------------
__is_zero -- 1
ERROR: __is_zero: The input must be an integer, it was: --
[status = 22]
-------------------------------------------------------------------------------
__is_zero 33.2
ERROR: __is_zero: The input must be an integer, it was: 33.2
[status = 22]
-------------------------------------------------------------------------------
__is_zero 33.1
ERROR: __is_zero: The input must be an integer, it was: 33.1
[status = 22]
-------------------------------------------------------------------------------
__is_zero 33.0
ERROR: __is_zero: The input must be an integer, it was: 33.0
[status = 22]
-------------------------------------------------------------------------------
__is_zero 33
[status = 1]
-------------------------------------------------------------------------------
__is_zero 20.2
ERROR: __is_zero: The input must be an integer, it was: 20.2
[status = 22]
-------------------------------------------------------------------------------
__is_zero 20.1
ERROR: __is_zero: The input must be an integer, it was: 20.1
[status = 22]
-------------------------------------------------------------------------------
__is_zero 20.0
ERROR: __is_zero: The input must be an integer, it was: 20.0
[status = 22]
-------------------------------------------------------------------------------
__is_zero +20
[status = 1]
-------------------------------------------------------------------------------
__is_zero 20
[status = 1]
-------------------------------------------------------------------------------
__is_zero +2.5
ERROR: __is_zero: The input must be an integer, it was: +2.5
[status = 22]
-------------------------------------------------------------------------------
__is_zero 2.5
ERROR: __is_zero: The input must be an integer, it was: 2.5
[status = 22]
-------------------------------------------------------------------------------
__is_zero +2
[status = 1]
-------------------------------------------------------------------------------
__is_zero 2
[status = 1]
-------------------------------------------------------------------------------
__is_zero +1.5
ERROR: __is_zero: The input must be an integer, it was: +1.5
[status = 22]
-------------------------------------------------------------------------------
__is_zero 1.5
ERROR: __is_zero: The input must be an integer, it was: 1.5
[status = 22]
-------------------------------------------------------------------------------
__is_zero +1
[status = 1]
-------------------------------------------------------------------------------
__is_zero 1
[status = 1]
-------------------------------------------------------------------------------
__is_zero +0.5
ERROR: __is_zero: The input must be an integer, it was: +0.5
[status = 22]
-------------------------------------------------------------------------------
__is_zero 0.5
ERROR: __is_zero: The input must be an integer, it was: 0.5
[status = 22]
-------------------------------------------------------------------------------
__is_zero +0
[status = 0]
-------------------------------------------------------------------------------
__is_zero 0
[status = 0]
-------------------------------------------------------------------------------
__is_zero 00
[status = 0]
-------------------------------------------------------------------------------
__is_zero -0
[status = 0]
-------------------------------------------------------------------------------
__is_zero -0.5
ERROR: __is_zero: The input must be an integer, it was: -0.5
[status = 22]
-------------------------------------------------------------------------------
__is_zero -1
[status = 1]
-------------------------------------------------------------------------------
__is_zero -1.5
ERROR: __is_zero: The input must be an integer, it was: -1.5
[status = 22]
-------------------------------------------------------------------------------
__is_zero -20
[status = 1]
-------------------------------------------------------------------------------
__is_zero -20.0
ERROR: __is_zero: The input must be an integer, it was: -20.0
[status = 22]
-------------------------------------------------------------------------------
__is_zero -20.1
ERROR: __is_zero: The input must be an integer, it was: -20.1
[status = 22]
-------------------------------------------------------------------------------
__is_zero -20.2
ERROR: __is_zero: The input must be an integer, it was: -20.2
[status = 22]
-------------------------------------------------------------------------------
__is_zero -33
[status = 1]
-------------------------------------------------------------------------------
__is_zero -33.0
ERROR: __is_zero: The input must be an integer, it was: -33.0
[status = 22]
-------------------------------------------------------------------------------
__is_zero -33.1
ERROR: __is_zero: The input must be an integer, it was: -33.1
[status = 22]
-------------------------------------------------------------------------------
__is_zero -33.2
ERROR: __is_zero: The input must be an integer, it was: -33.2
[status = 22]
-------------------------------------------------------------------------------
__is_zero +1.1.1
ERROR: __is_zero: The input must be an integer, it was: +1.1.1
[status = 22]
-------------------------------------------------------------------------------
__is_zero 1.1.1
ERROR: __is_zero: The input must be an integer, it was: 1.1.1
[status = 22]
-------------------------------------------------------------------------------
__is_zero -1.1.1
ERROR: __is_zero: The input must be an integer, it was: -1.1.1
[status = 22]
-------------------------------------------------------------------------------
__is_zero +1.2.3
ERROR: __is_zero: The input must be an integer, it was: +1.2.3
[status = 22]
-------------------------------------------------------------------------------
__is_zero 1.2.3
ERROR: __is_zero: The input must be an integer, it was: 1.2.3
[status = 22]
-------------------------------------------------------------------------------
__is_zero -1.2.3
ERROR: __is_zero: The input must be an integer, it was: -1.2.3
[status = 22]
-------------------------------------------------------------------------------
__is_zero +2.2.2
ERROR: __is_zero: The input must be an integer, it was: +2.2.2
[status = 22]
-------------------------------------------------------------------------------
__is_zero 2.2.2
ERROR: __is_zero: The input must be an integer, it was: 2.2.2
[status = 22]
-------------------------------------------------------------------------------
__is_zero -2.2.2
ERROR: __is_zero: The input must be an integer, it was: -2.2.2
[status = 22]
-------------------------------------------------------------------------------
__is_zero +1.1a
ERROR: __is_zero: The input must be an integer, it was: +1.1a
[status = 22]
-------------------------------------------------------------------------------
__is_zero +1.a
ERROR: __is_zero: The input must be an integer, it was: +1.a
[status = 22]
-------------------------------------------------------------------------------
__is_zero +1a
ERROR: __is_zero: The input must be an integer, it was: +1a
[status = 22]
-------------------------------------------------------------------------------
__is_zero 1a
ERROR: __is_zero: The input must be an integer, it was: 1a
[status = 22]
-------------------------------------------------------------------------------
__is_zero -1a
ERROR: __is_zero: The input must be an integer, it was: -1a
[status = 22]
-------------------------------------------------------------------------------
__is_zero -1.a
ERROR: __is_zero: The input must be an integer, it was: -1.a
[status = 22]
-------------------------------------------------------------------------------
__is_zero -1.1a
ERROR: __is_zero: The input must be an integer, it was: -1.1a
[status = 22]
-------------------------------------------------------------------------------
__is_zero +2a
ERROR: __is_zero: The input must be an integer, it was: +2a
[status = 22]
-------------------------------------------------------------------------------
__is_zero +2.a
ERROR: __is_zero: The input must be an integer, it was: +2.a
[status = 22]
-------------------------------------------------------------------------------
__is_zero +2.2a
ERROR: __is_zero: The input must be an integer, it was: +2.2a
[status = 22]
-------------------------------------------------------------------------------
__is_zero +2.2.a
ERROR: __is_zero: The input must be an integer, it was: +2.2.a
[status = 22]
-------------------------------------------------------------------------------
__is_zero +2.2.2a
ERROR: __is_zero: The input must be an integer, it was: +2.2.2a
[status = 22]
-------------------------------------------------------------------------------
__is_zero 2a
ERROR: __is_zero: The input must be an integer, it was: 2a
[status = 22]
-------------------------------------------------------------------------------
__is_zero 2.a
ERROR: __is_zero: The input must be an integer, it was: 2.a
[status = 22]
-------------------------------------------------------------------------------
__is_zero 2.2a
ERROR: __is_zero: The input must be an integer, it was: 2.2a
[status = 22]
-------------------------------------------------------------------------------
__is_zero 2.2.a
ERROR: __is_zero: The input must be an integer, it was: 2.2.a
[status = 22]
-------------------------------------------------------------------------------
__is_zero 2.2.2a
ERROR: __is_zero: The input must be an integer, it was: 2.2.2a
[status = 22]
-------------------------------------------------------------------------------
__is_zero -2a
ERROR: __is_zero: The input must be an integer, it was: -2a
[status = 22]
-------------------------------------------------------------------------------
__is_zero -2.a
ERROR: __is_zero: The input must be an integer, it was: -2.a
[status = 22]
-------------------------------------------------------------------------------
__is_zero -2.2a
ERROR: __is_zero: The input must be an integer, it was: -2.2a
[status = 22]
-------------------------------------------------------------------------------
__is_zero -2.2.a
ERROR: __is_zero: The input must be an integer, it was: -2.2.a
[status = 22]
-------------------------------------------------------------------------------
__is_zero -2.2.2a
ERROR: __is_zero: The input must be an integer, it was: -2.2.2a
[status = 22]
-------------------------------------------------------------------------------
__is_zero 1 a
[status = 1]
-------------------------------------------------------------------------------
__is_zero 1 2
[status = 1]
-------------------------------------------------------------------------------
__is_zero 1 3
[status = 1]
-------------------------------------------------------------------------------
__is_zero 2 4
[status = 1]
-------------------------------------------------------------------------------
__is_zero 0 -0
[status = 0]
-------------------------------------------------------------------------------
__is_zero 0 0
[status = 0]
-------------------------------------------------------------------------------
__is_zero 0 +0
[status = 0]
-------------------------------------------------------------------------------
__is_zero -4 -2
[status = 1]
-------------------------------------------------------------------------------
__is_zero -3 -1
[status = 1]
-------------------------------------------------------------------------------
__is_zero -2 -1
[status = 1]
-------------------------------------------------------------------------------
__is_zero -1 a
[status = 1]