-------------------------------------------------------------------------------
__print_string
[status = 0]
-------------------------------------------------------------------------------
__print_string ''
[status = 0]
-------------------------------------------------------------------------------
__print_string a
a[status = 0]
-------------------------------------------------------------------------------
__print_string a '' b
ab[status = 0]