-------------------------------------------------------------------------------
__print_lines_or_line

[status = 0]
-------------------------------------------------------------------------------
__print_lines_or_line ''

[status = 0]
-------------------------------------------------------------------------------
__print_lines_or_line a
a
[status = 0]
-------------------------------------------------------------------------------
__print_lines_or_line a '' b
a

b
[status = 0]