-------------------------------------------------------------------------------
__print_line

[status = 0]
-------------------------------------------------------------------------------
__print_line ''

[status = 0]
-------------------------------------------------------------------------------
__print_line a

[status = 0]
-------------------------------------------------------------------------------
__print_line a '' b

[status = 0]