-------------------------------------------------------------------------------
__print_lines
[status = 0]
-------------------------------------------------------------------------------
__print_lines ''

[status = 0]
-------------------------------------------------------------------------------
__print_lines a
a
[status = 0]
-------------------------------------------------------------------------------
__print_lines a '' b
a

b
[status = 0]