-------------------------------------------------------------------------------
__print_without_styles

[status = 0]
-------------------------------------------------------------------------------
__print_without_styles --no-trail
[status = 0]
-------------------------------------------------------------------------------
__print_without_styles ''

[status = 0]
-------------------------------------------------------------------------------
__print_without_styles --no-trail ''
[status = 0]
-------------------------------------------------------------------------------
__print_without_styles --bold=a b --=c --newline d
abc
d
[status = 0]
-------------------------------------------------------------------------------
__print_without_styles --no-trail --bold=a b --=c --newline d
abc
d[status = 0]