-------------------------------------------------------------------------------
__prepare_login_user
[status = 0]
-------------------------------------------------------------------------------
__prepare_login_uid
[status = 0]
-------------------------------------------------------------------------------
__prepare_login_group
[status = 0]
-------------------------------------------------------------------------------
__prepare_login_gid
[status = 0]
-------------------------------------------------------------------------------
__prepare_login_groups
[status = 0]
-------------------------------------------------------------------------------
__prepare_login_gids
[status = 0]
-------------------------------------------------------------------------------
__prepare_current_user
[status = 0]
-------------------------------------------------------------------------------
__prepare_current_uid
[status = 0]
-------------------------------------------------------------------------------
__prepare_current_group
[status = 0]
-------------------------------------------------------------------------------
__prepare_current_gid
[status = 0]
-------------------------------------------------------------------------------
__prepare_current_groups
[status = 0]
-------------------------------------------------------------------------------
__prepare_current_gids
[status = 0]