-------------------------------------------------------------------------------
__print_value_lines_or_nothing
[status = 0]
-------------------------------------------------------------------------------
__print_value_lines_or_nothing ''
[status = 0]
-------------------------------------------------------------------------------
__print_value_lines_or_nothing '' ''
[status = 0]
-------------------------------------------------------------------------------
__print_value_lines_or_nothing a
a
[status = 0]
-------------------------------------------------------------------------------
__print_value_lines_or_nothing a '' b
a
b
[status = 0]