-------------------------------------------------------------------------------
__print_strings
[status = 0]
-------------------------------------------------------------------------------
__print_strings ''
[status = 0]
-------------------------------------------------------------------------------
__print_strings a
a[status = 0]
-------------------------------------------------------------------------------
__print_strings a '' b
ab[status = 0]