-------------------------------------------------------------------------------
__print_join
[status = 0]
-------------------------------------------------------------------------------
__print_join --
[status = 0]
-------------------------------------------------------------------------------
__print_join a
a[status = 0]
-------------------------------------------------------------------------------
__print_join a b
a
b[status = 0]
-------------------------------------------------------------------------------
__print_join -- a b
a
b[status = 0]
-------------------------------------------------------------------------------
__print_join --delimiter=\,
[status = 0]
-------------------------------------------------------------------------------
__print_join --delimiter=\, -- a
a[status = 0]
-------------------------------------------------------------------------------
__print_join --delimiter=\, -- a b
a,b[status = 0]
-------------------------------------------------------------------------------
__print_join --delimiter=\, a b
a,b[status = 0]
-------------------------------------------------------------------------------
__print_join --delimiter=\, a
a[status = 0]