-------------------------------------------------------------------------------
__return
[status = 0]
-------------------------------------------------------------------------------
__return
[status = 1]
-------------------------------------------------------------------------------
__return 0
[status = 0]
-------------------------------------------------------------------------------
__return 123
[status = 123]
-------------------------------------------------------------------------------
__return 0 2 4
[status = 2]
-------------------------------------------------------------------------------
__return 0 -- __print_string invoked
invoked[status = 0]
-------------------------------------------------------------------------------
__return 123 -- __print_string invoked
invoked[status = 123]
-------------------------------------------------------------------------------
__return 0 --invoke-only-on-failure -- __print_string invoked
[status = 0]
-------------------------------------------------------------------------------
__return 123 --invoke-only-on-failure -- __print_string invoked
invoked[status = 123]
-------------------------------------------------------------------------------
__return 0 2 4 -- __print_string invoked
invoked[status = 2]
-------------------------------------------------------------------------------
__return 0 2 4 --invoke-only-on-failure -- __print_string invoked
invoked[status = 2]
-------------------------------------------------------------------------------
__return 0 -- __return 123 -- __print_string invoked
invoked[status = 123]
-------------------------------------------------------------------------------
__return 0 2 4 -- __return 123 -- __print_string invoked
invoked[status = 2]