-------------------------------------------------------------------------------
__reverse --target=\{defined_array_target\} --source=\{input_array\}
[status = 0]
defined_array_target[0] = c
defined_array_target[1] = bb
defined_array_target[2] = aaa
-------------------------------------------------------------------------------
__reverse --target=\{defined_string_target\} --source=\{input_array\}
ERROR: __to: If the source REVERSE__result is an array, then the target defined_string_target must be as well:
REVERSE__result[0] = c
REVERSE__result[1] = bb
REVERSE__result[2] = aaa
defined_string_target = [ empty ]
[status = 22]
defined_string_target = [ empty ]
-------------------------------------------------------------------------------
__reverse --source=\{input_array\}
ERROR: __to: If the source REVERSE__result is an array, then the target STDOUT must be as well:
REVERSE__result[0] = c
REVERSE__result[1] = bb
REVERSE__result[2] = aaa
[status = 22]
-------------------------------------------------------------------------------
__reverse --target=\{defined_array_target\} --source=\{input_string\}
[status = 0]
defined_array_target[0] = cbbaaa
-------------------------------------------------------------------------------
__reverse --target=\{defined_string_target\} --source=\{input_string\}
[status = 0]
defined_string_target = cbbaaa
-------------------------------------------------------------------------------
__reverse --source=\{input_string\}
cbbaaa[status = 0]
-------------------------------------------------------------------------------
__reverse --target=\{defined_array_target\} -- aaa bb c
[status = 0]
defined_array_target[0] = c
defined_array_target[1] = bb
defined_array_target[2] = aaa
-------------------------------------------------------------------------------
__reverse --target=\{defined_string_target\} -- aaa bb c
ERROR: __to: If the source REVERSE__result is an array, then the target defined_string_target must be as well:
REVERSE__result[0] = c
REVERSE__result[1] = bb
REVERSE__result[2] = aaa
defined_string_target = [ empty ]
[status = 22]
defined_string_target = [ empty ]
-------------------------------------------------------------------------------
__reverse -- aaa bb c
ERROR: __to: If the source REVERSE__result is an array, then the target STDOUT must be as well:
REVERSE__result[0] = c
REVERSE__result[1] = bb
REVERSE__result[2] = aaa
[status = 22]
-------------------------------------------------------------------------------
__reverse --target=\{defined_array_target\} -- aaabbc
[status = 0]
defined_array_target[0] = cbbaaa
-------------------------------------------------------------------------------
__reverse --target=\{defined_string_target\} -- aaabbc
[status = 0]
defined_string_target = cbbaaa
-------------------------------------------------------------------------------
__reverse -- aaabbc
cbbaaa[status = 0]
-------------------------------------------------------------------------------
__reverse --target=\{defined_array_target\} --source=\{input_sparse\}
[status = 0]
defined_array_target[0] = c
defined_array_target[1] = aaa
-------------------------------------------------------------------------------
__reverse --target=\{defined_string_target\} --source=\{input_sparse\}
ERROR: __to: If the source REVERSE__result is an array, then the target defined_string_target must be as well:
REVERSE__result[0] = c
REVERSE__result[1] = aaa
defined_string_target = [ empty ]
[status = 22]
defined_string_target = [ empty ]
-------------------------------------------------------------------------------
__reverse --source=\{input_sparse\}
ERROR: __to: If the source REVERSE__result is an array, then the target STDOUT must be as well:
REVERSE__result[0] = c
REVERSE__result[1] = aaa
[status = 22]