array[ 0 | -6 ] = a
array[ 1 | -5 ] = b
array[ 2 | -4 ] = c
array[ 3 | -3 ] = d
array[ 4 | -2 ] = e
array[ 5 | -1 ] = f
string = abcdef
string[ 0 | -6 ] = a
string[ 1 | -5 ] = b
string[ 2 | -4 ] = c
string[ 3 | -3 ] = d
string[ 4 | -2 ] = e
string[ 5 | -1 ] = f
===============================================================================
complex indices
-------------------------------------------------------------------------------
__slice --source=\{array\} 0
ERROR: __to: If the source SLICE__results is an array, then the target STDOUT must be as well:
SLICE__results[0] = a
SLICE__results[1] = b
SLICE__results[2] = c
SLICE__results[3] = d
SLICE__results[4] = e
SLICE__results[5] = f
[status = 22]
-------------------------------------------------------------------------------
__slice --source=\{array\} 1
ERROR: __to: If the source SLICE__results is an array, then the target STDOUT must be as well:
SLICE__results[0] = b
SLICE__results[1] = c
SLICE__results[2] = d
SLICE__results[3] = e
SLICE__results[4] = f
[status = 22]
-------------------------------------------------------------------------------
__slice --source=\{array\} -1
f[status = 0]
-------------------------------------------------------------------------------
__slice --source=\{array\} -- -2
ERROR: __to: If the source SLICE__results is an array, then the target STDOUT must be as well:
SLICE__results[0] = e
SLICE__results[1] = f
[status = 22]
-------------------------------------------------------------------------------
__slice --source=\{array\} 0 2 -- -2
ERROR: __to: If the source SLICE__results is an array, then the target STDOUT must be as well:
SLICE__results[0] = a
SLICE__results[1] = b
SLICE__results[2] = e
SLICE__results[3] = f
[status = 22]
-------------------------------------------------------------------------------
__slice --source=\{string\} 0
abcdef[status = 0]
-------------------------------------------------------------------------------
__slice --source=\{string\} 1
bcdef[status = 0]
-------------------------------------------------------------------------------
__slice --source=\{string\} -1
f[status = 0]
-------------------------------------------------------------------------------
__slice --source=\{string\} -- -2
ef[status = 0]
-------------------------------------------------------------------------------
__slice --source=\{string\} 0 2 -- -2
ERROR: __to: If the source SLICE__results is an array, then the target STDOUT must be as well:
SLICE__results[0] = ab
SLICE__results[1] = ef
[status = 22]
===============================================================================
standard indices
-------------------------------------------------------------------------------
__slice --source=\{array\} 5
f[status = 0]
-------------------------------------------------------------------------------
__slice --source=\{array\} 6
ERROR: __slice: The index 6 was beyond the range of:
array[ 0 | -6 ] = a
array[ 1 | -5 ] = b
array[ 2 | -4 ] = c
array[ 3 | -3 ] = d
array[ 4 | -2 ] = e
array[ 5 | -1 ] = f
[status = 33]
-------------------------------------------------------------------------------
__slice --source=\{array\} 7
ERROR: __slice: The index 7 was beyond the range of:
array[ 0 | -6 ] = a
array[ 1 | -5 ] = b
array[ 2 | -4 ] = c
array[ 3 | -3 ] = d
array[ 4 | -2 ] = e
array[ 5 | -1 ] = f
[status = 33]
-------------------------------------------------------------------------------
__slice --source=\{array\} -5
ERROR: __to: If the source SLICE__results is an array, then the target STDOUT must be as well:
SLICE__results[0] = b
SLICE__results[1] = c
SLICE__results[2] = d
SLICE__results[3] = e
SLICE__results[4] = f
[status = 22]
-------------------------------------------------------------------------------
__slice --source=\{array\} -6
ERROR: __to: If the source SLICE__results is an array, then the target STDOUT must be as well:
SLICE__results[0] = a
SLICE__results[1] = b
SLICE__results[2] = c
SLICE__results[3] = d
SLICE__results[4] = e
SLICE__results[5] = f
[status = 22]
-------------------------------------------------------------------------------
__slice --source=\{array\} -7
ERROR: __slice: The index -7 was beyond the range of:
array[ 0 | -6 ] = a
array[ 1 | -5 ] = b
array[ 2 | -4 ] = c
array[ 3 | -3 ] = d
array[ 4 | -2 ] = e
array[ 5 | -1 ] = f
[status = 33]
-------------------------------------------------------------------------------
__slice --source=\{string\} 5
f[status = 0]
-------------------------------------------------------------------------------
__slice --source=\{string\} 6
ERROR: __slice: The index 6 was beyond the range of:
string = abcdef
string[ 0 | -6 ] = a
string[ 1 | -5 ] = b
string[ 2 | -4 ] = c
string[ 3 | -3 ] = d
string[ 4 | -2 ] = e
string[ 5 | -1 ] = f
[status = 33]
-------------------------------------------------------------------------------
__slice --source=\{string\} 7
ERROR: __slice: The index 7 was beyond the range of:
string = abcdef
string[ 0 | -6 ] = a
string[ 1 | -5 ] = b
string[ 2 | -4 ] = c
string[ 3 | -3 ] = d
string[ 4 | -2 ] = e
string[ 5 | -1 ] = f
[status = 33]
-------------------------------------------------------------------------------
__slice --source=\{string\} -5
bcdef[status = 0]
-------------------------------------------------------------------------------
__slice --source=\{string\} -6
abcdef[status = 0]
-------------------------------------------------------------------------------
__slice --source=\{string\} -7
ERROR: __slice: The index -7 was beyond the range of:
string = abcdef
string[ 0 | -6 ] = a
string[ 1 | -5 ] = b
string[ 2 | -4 ] = c
string[ 3 | -3 ] = d
string[ 4 | -2 ] = e
string[ 5 | -1 ] = f
[status = 33]