content
content
content
content that is sent to TTY
---
content
content
target = content

file = content

---
content
content
content
content
target = content

file = content

---
target = content
appended

file = content
appended

---
target = prepended
content
appended

file = prepended
content
appended

---
target[0] = first
target[1] = second

---