-------------------------------------------------------------------------------
__unique --source=\{array_one\} --target=\{array_target\}
[status = 0]
array_target[0] = a
array_target[1] = b
array_target[2] = c
array_target[3] = [ empty ]
array_target[4] =  
-------------------------------------------------------------------------------
__unique --source=\{array_one\} --source=\{array_two\} --target=\{array_target\}
[status = 0]
array_target[0] = a
array_target[1] = b
array_target[2] = c
array_target[3] = [ empty ]
array_target[4] =  
array_target[5] = d
-------------------------------------------------------------------------------
__unique --source+target=\{array_one\}
[status = 0]
array_one[0] = a
array_one[1] = b
array_one[2] = c
array_one[3] = [ empty ]
array_one[4] =  