-------------------------------------------------------------------------------
__unrecognised_argument
ERROR: __unrecognised_argument: Expected a single argument, but 0 were provided.
[status = 22]
-------------------------------------------------------------------------------
__unrecognised_argument arg
ERROR: __eval: An unrecognised argument was provided: arg
[status = 22]
-------------------------------------------------------------------------------
__unrecognised_argument arg discarded
ERROR: __unrecognised_argument: Expected a single argument, but 2 were provided.
[status = 22]