-------------------------------------------------------------------------------
__unrecognised_flag
ERROR: __unrecognised_flag: Expected a single argument, but 0 were provided.
[status = 22]
-------------------------------------------------------------------------------
__unrecognised_flag flag
ERROR: __eval: An unrecognised flag was provided: flag
[status = 22]
-------------------------------------------------------------------------------
__unrecognised_flag flag discarded
ERROR: __unrecognised_flag: Expected a single argument, but 2 were provided.
[status = 22]